<?xml version="1.0" encoding="UTF-8"?>
<testsuites name="Jest" tests="6" failures="0" errors="0" time="4.129">
  <testsuite name="utils" errors="0" failures="0" skipped="0" timestamp="2024-04-16T15:33:22" time="3.868" tests="6">
    <testcase classname="utils hallo" name="utils hallo" time="0.008">
    </testcase>
    <testcase classname="utils numberFormater - roundDown" name="utils numberFormater - roundDown" time="0.002">
    </testcase>
    <testcase classname="utils numberFormater - roundUp" name="utils numberFormater - roundUp" time="0.002">
    </testcase>
    <testcase classname="utils price" name="utils price" time="0.002">
    </testcase>
    <testcase classname="utils findNumber" name="utils findNumber" time="0.001">
    </testcase>
    <testcase classname="utils doWTF" name="utils doWTF" time="0.001">
    </testcase>
  </testsuite>
</testsuites>